// Jest Snapshot v1, https://goo.gl/fbAQLP

exports[`ButtonPanel renders the ButtonPanel component and matches snapshot 1`] = `
<div
  className="component-button-panel"
>
  <div
    key="7"
  >
    <Button
      clickHandler={[Function]}
      key="7"
      name="7"
    />
    <Button
      clickHandler={[Function]}
      key="4"
      name="4"
    />
    <Button
      clickHandler={[Function]}
      key="1"
      name="1"
    />
    <Button
      clickHandler={[Function]}
      key="AC"
      name="AC"
    />
  </div>
  <div
    key="8"
  >
    <Button
      clickHandler={[Function]}
      key="8"
      name="8"
    />
    <Button
      clickHandler={[Function]}
      key="5"
      name="5"
    />
    <Button
      clickHandler={[Function]}
      key="2"
      name="2"
    />
    <Button
      clickHandler={[Function]}
      key="0"
      name="0"
    />
  </div>
  <div
    key="9"
  >
    <Button
      clickHandler={[Function]}
      key="9"
      name="9"
    />
    <Button
      clickHandler={[Function]}
      key="6"
      name="6"
    />
    <Button
      clickHandler={[Function]}
      key="3"
      name="3"
    />
    <Button
      clickHandler={[Function]}
      key="."
      name="."
    />
  </div>
  <div
    key="+"
  >
    <Button
      clickHandler={[Function]}
      key="+"
      name="+"
    />
    <Button
      clickHandler={[Function]}
      key="-"
      name="-"
    />
    <Button
      clickHandler={[Function]}
      key="="
      name="="
    />
  </div>
</div>
`;
